// Jest Snapshot v1, https://goo.gl/fbAQLP

exports[`Renders open task correctly with data 1`] = `
<div
  className="sc-bczRLJ kUPrQH"
  onClick={[Function]}
>
  <div
    className="sc-gsnTZi hXTvva"
    onClick={[Function]}
  >
    <div
      className="sc-dkzDqf oOXro"
    >
      <h3
        className="sc-hKMtZM lhzFP"
      >
        Feed the cat
      </h3>
      <div
        style={
          Object {
            "display": "flex",
          }
        }
      >
        <button
          className="sc-gKXOVf fWtExf"
          onClick={[Function]}
          type="button"
        >
          <svg
            fill="none"
            height="1em"
            stroke="currentColor"
            strokeLinecap="round"
            strokeLinejoin="round"
            strokeWidth="2"
            style={
              Object {
                "color": undefined,
              }
            }
            viewBox="0 0 24 24"
            width="1em"
            xmlns="http://www.w3.org/2000/svg"
          >
            <path
              d="M4 12v8a2 2 0 0 0 2 2h12a2 2 0 0 0 2-2v-8"
            />
            <polyline
              points="16 6 12 2 8 6"
            />
            <line
              x1="12"
              x2="12"
              y1="2"
              y2="15"
            />
          </svg>
        </button>
        <button
          className="sc-gKXOVf sc-iBkjds fWtExf ihjOmI"
          onClick={[Function]}
          type="button"
        >
          <svg
            fill="none"
            height="1em"
            stroke="currentColor"
            strokeLinecap="round"
            strokeLinejoin="round"
            strokeWidth="2"
            style={
              Object {
                "color": undefined,
              }
            }
            viewBox="0 0 24 24"
            width="1em"
            xmlns="http://www.w3.org/2000/svg"
          >
            <line
              x1="18"
              x2="6"
              y1="6"
              y2="18"
            />
            <line
              x1="6"
              x2="18"
              y1="6"
              y2="18"
            />
          </svg>
        </button>
      </div>
    </div>
    <p
      className="sc-eCYdqJ cCXUtV"
    >
      #
      task-51662
    </p>
    <p
      className="sc-jSMfEi"
    />
  </div>
</div>
`;
