// Jest Snapshot v1, https://goo.gl/fbAQLP

exports[`Renders form correctly 1`] = `
<button
  className="sc-bczRLJ khahOI"
  onClick={[Function]}
  type="button"
>
  Add new Task
</button>
`;
