// Jest Snapshot v1, https://goo.gl/fbAQLP

exports[`Renders correctly 1`] = `
<button
  className="sc-bczRLJ bNiITr"
  onClick={[Function]}
  type="button"
>
  Add new Column
</button>
`;
